Archive member included to satisfy reference by file (symbol)

lib/orangescrt.a(printf.o)    kernel/main.o (printf)
lib/orangescrt.a(vsprintf.o)  kernel/main.o (vsprintf)
lib/orangescrt.a(string.o)    kernel/start.o (memcpy)
lib/orangescrt.a(misc.o)      kernel/main.o (send_recv)
lib/orangescrt.a(open.o)      kernel/main.o (open)
lib/orangescrt.a(read.o)      kernel/main.o (read)
lib/orangescrt.a(write.o)     kernel/main.o (write)
lib/orangescrt.a(close.o)     kernel/main.o (close)
lib/orangescrt.a(lseek.o)     kernel/main.o (lseek)
lib/orangescrt.a(getpid.o)    kernel/main.o (getpid)
lib/orangescrt.a(stat.o)      mm/exec.o (stat)
lib/orangescrt.a(fork.o)      kernel/main.o (fork)
lib/orangescrt.a(wait.o)      kernel/main.o (wait)
lib/orangescrt.a(exec.o)      kernel/main.o (execv)
lib/orangescrt.a(syscall.o)   lib/orangescrt.a(misc.o) (sendrec)

Allocating common symbols
Common symbol       size              file

idt_ptr             0x6               kernel/global.o
inode_table         0xb00             kernel/global.o
task_stack          0x24000           kernel/global.o
k_reenter           0x4               kernel/global.o
gdt                 0x400             kernel/global.o
current_console     0x4               kernel/global.o
pcaller             0x4               kernel/global.o
tty_table           0xc6c             kernel/global.o
tss                 0x68              kernel/global.o
fs_msg              0x130             kernel/global.o
memory_size         0x4               kernel/global.o
f_desc_table        0x400             kernel/global.o
root_inode          0x4               kernel/global.o
disp_pos            0x4               kernel/global.o
mm_msg              0x130             kernel/global.o
key_pressed         0x4               kernel/global.o
gdt_ptr             0x6               kernel/global.o
idt                 0x800             kernel/global.o
super_block         0x1e0             kernel/global.o
PARTITION_ENTRY     0x10              kernel/hd.o
ticks               0x4               kernel/global.o
console_table       0x3c              kernel/global.o
irq_table           0x40              kernel/global.o
p_proc_ready        0x4               kernel/global.o
proc_table          0x3af8            kernel/global.o

Discarded input sections

 .note.GNU-stack
                0x0000000000000000        0x0 kernel/start.o
 .note.GNU-stack
                0x0000000000000000        0x0 kernel/main.o
 .note.GNU-stack
                0x0000000000000000        0x0 kernel/clock.o
 .note.GNU-stack
                0x0000000000000000        0x0 kernel/keyboard.o
 .note.GNU-stack
                0x0000000000000000        0x0 kernel/tty.o
 .note.GNU-stack
                0x0000000000000000        0x0 kernel/console.o
 .note.GNU-stack
                0x0000000000000000        0x0 kernel/i8259.o
 .note.GNU-stack
                0x0000000000000000        0x0 kernel/global.o
 .note.GNU-stack
                0x0000000000000000        0x0 kernel/protect.o
 .note.GNU-stack
                0x0000000000000000        0x0 kernel/proc.o
 .note.GNU-stack
                0x0000000000000000        0x0 kernel/systask.o
 .note.GNU-stack
                0x0000000000000000        0x0 kernel/hd.o
 .note.GNU-stack
                0x0000000000000000        0x0 kernel/klib.o
 .note.GNU-stack
                0x0000000000000000        0x0 lib/syslog.o
 .note.GNU-stack
                0x0000000000000000        0x0 mm/main.o
 .note.GNU-stack
                0x0000000000000000        0x0 mm/forkexit.o
 .note.GNU-stack
                0x0000000000000000        0x0 mm/exec.o
 .note.GNU-stack
                0x0000000000000000        0x0 fs/main.o
 .note.GNU-stack
                0x0000000000000000        0x0 fs/open.o
 .note.GNU-stack
                0x0000000000000000        0x0 fs/misc.o
 .note.GNU-stack
                0x0000000000000000        0x0 fs/read_write.o
 .note.GNU-stack
                0x0000000000000000        0x0 fs/link.o
 .note.GNU-stack
                0x0000000000000000        0x0 fs/disklog.o
 .note.GNU-stack
                0x0000000000000000        0x0 lib/orangescrt.a(printf.o)
 .note.GNU-stack
                0x0000000000000000        0x0 lib/orangescrt.a(vsprintf.o)
 .note.GNU-stack
                0x0000000000000000        0x0 lib/orangescrt.a(misc.o)
 .note.GNU-stack
                0x0000000000000000        0x0 lib/orangescrt.a(open.o)
 .note.GNU-stack
                0x0000000000000000        0x0 lib/orangescrt.a(read.o)
 .note.GNU-stack
                0x0000000000000000        0x0 lib/orangescrt.a(write.o)
 .note.GNU-stack
                0x0000000000000000        0x0 lib/orangescrt.a(close.o)
 .note.GNU-stack
                0x0000000000000000        0x0 lib/orangescrt.a(lseek.o)
 .note.GNU-stack
                0x0000000000000000        0x0 lib/orangescrt.a(getpid.o)
 .note.GNU-stack
                0x0000000000000000        0x0 lib/orangescrt.a(stat.o)
 .note.GNU-stack
                0x0000000000000000        0x0 lib/orangescrt.a(fork.o)
 .note.GNU-stack
                0x0000000000000000        0x0 lib/orangescrt.a(wait.o)
 .note.GNU-stack
                0x0000000000000000        0x0 lib/orangescrt.a(exec.o)

Memory Configuration

Name             Origin             Length             Attributes
*default*        0x0000000000000000 0xffffffffffffffff

Linker script and memory map

Address of section .text set to 0x1000
LOAD kernel/kernel.o
LOAD kernel/start.o
LOAD kernel/main.o
LOAD kernel/clock.o
LOAD kernel/keyboard.o
LOAD kernel/tty.o
LOAD kernel/console.o
LOAD kernel/i8259.o
LOAD kernel/global.o
LOAD kernel/protect.o
LOAD kernel/proc.o
LOAD kernel/systask.o
LOAD kernel/hd.o
LOAD kernel/kliba.o
LOAD kernel/klib.o
LOAD lib/syslog.o
LOAD mm/main.o
LOAD mm/forkexit.o
LOAD mm/exec.o
LOAD fs/main.o
LOAD fs/open.o
LOAD fs/misc.o
LOAD fs/read_write.o
LOAD fs/link.o
LOAD fs/disklog.o
LOAD lib/orangescrt.a
                0x0000000008048000                PROVIDE (__executable_start, 0x8048000)
                0x0000000008048094                . = (0x8048000 + SIZEOF_HEADERS)

.interp
 *(.interp)

.note.gnu.build-id
 *(.note.gnu.build-id)

.hash
 *(.hash)

.gnu.hash
 *(.gnu.hash)

.dynsym
 *(.dynsym)

.dynstr
 *(.dynstr)

.gnu.version
 *(.gnu.version)

.gnu.version_d
 *(.gnu.version_d)

.gnu.version_r
 *(.gnu.version_r)

.rel.dyn        0x0000000008048094        0x0
 *(.rel.init)
 *(.rel.text .rel.text.* .rel.gnu.linkonce.t.*)
 .rel.text      0x0000000000000000        0x0 kernel/kernel.o
 *(.rel.fini)
 *(.rel.rodata .rel.rodata.* .rel.gnu.linkonce.r.*)
 *(.rel.data.rel.ro .rel.data.rel.ro.* .rel.gnu.linkonce.d.rel.ro.*)
 *(.rel.data .rel.data.* .rel.gnu.linkonce.d.*)
 .rel.data      0x0000000000000000        0x0 kernel/kernel.o
 *(.rel.tdata .rel.tdata.* .rel.gnu.linkonce.td.*)
 *(.rel.tbss .rel.tbss.* .rel.gnu.linkonce.tb.*)
 *(.rel.ctors)
 *(.rel.dtors)
 *(.rel.got)
 *(.rel.bss .rel.bss.* .rel.gnu.linkonce.b.*)
 *(.rel.ifunc)

.rel.plt        0x0000000008048094        0x0
 *(.rel.plt)
                0x0000000008048094                PROVIDE (__rel_iplt_start, .)
 *(.rel.iplt)
 .rel.iplt      0x0000000000000000        0x0 kernel/kernel.o
                0x0000000008048094                PROVIDE (__rel_iplt_end, .)

.init
 *(SORT(.init))

.plt            0x00000000080480a0        0x0
 *(.plt)
 *(.iplt)
 .iplt          0x0000000000000000        0x0 kernel/kernel.o

.text           0x0000000000001000     0xcf38
 *(.text.unlikely .text.*_unlikely .text.unlikely.*)
 *(.text.exit .text.exit.*)
 *(.text.startup .text.startup.*)
 *(.text.hot .text.hot.*)
 *(.text .stub .text.* .gnu.linkonce.t.*)
 .text          0x0000000000001000      0x410 kernel/kernel.o
                0x0000000000001000                _start
                0x0000000000001040                hwint00
                0x0000000000001070                hwint01
                0x00000000000010a0                hwint02
                0x00000000000010d0                hwint03
                0x0000000000001100                hwint04
                0x0000000000001130                hwint05
                0x0000000000001160                hwint06
                0x0000000000001190                hwint07
                0x00000000000011c0                hwint08
                0x00000000000011f0                hwint09
                0x0000000000001220                hwint10
                0x0000000000001250                hwint11
                0x0000000000001280                hwint12
                0x00000000000012b0                hwint13
                0x00000000000012e0                hwint14
                0x0000000000001310                hwint15
                0x0000000000001334                divide_error
                0x000000000000133a                single_step_exception
                0x0000000000001340                nmi
                0x0000000000001346                breakpoint_exception
                0x000000000000134c                overflow
                0x0000000000001352                bounds_check
                0x0000000000001358                inval_opcode
                0x000000000000135e                copr_not_available
                0x0000000000001364                double_fault
                0x0000000000001368                copr_seg_overrun
                0x000000000000136e                inval_tss
                0x0000000000001372                segment_not_present
                0x0000000000001376                stack_exception
                0x000000000000137a                general_protection
                0x000000000000137e                page_fault
                0x0000000000001382                copr_error
                0x00000000000013cb                sys_call
                0x00000000000013eb                restart
 .text          0x0000000000001410       0x8e kernel/start.o
                0x0000000000001410                cstart
 .text          0x000000000000149e      0xa65 kernel/main.o
                0x000000000000149e                kernel_main
                0x00000000000017d3                get_ticks
                0x000000000000181a                untar
                0x0000000000001aef                shabby_shell
                0x0000000000001d2f                Init
                0x0000000000001ea4                TestA
                0x0000000000001ea9                TestB
                0x0000000000001eae                TestC
                0x0000000000001eb3                panic
 .text          0x0000000000001f03      0x115 kernel/clock.o
                0x0000000000001f03                clock_handler
                0x0000000000001f7b                milli_delay
                0x0000000000001fb4                init_clock
 .text          0x0000000000002018      0x6cf kernel/keyboard.o
                0x0000000000002018                keyboard_handler
                0x000000000000207e                init_keyboard
                0x000000000000212d                keyboard_read
 .text          0x00000000000026e7      0xa9f kernel/tty.o
                0x00000000000026e7                task_tty
                0x0000000000002900                in_process
                0x0000000000002e8d                sys_printx
                0x000000000000302f                dump_tty_buf
 .text          0x0000000000003186      0x82a kernel/console.o
                0x0000000000003186                init_screen
                0x00000000000032f7                out_char
                0x0000000000003636                is_current_console
                0x000000000000372b                select_console
                0x0000000000003766                scroll_screen
 .text          0x00000000000039b0      0x13c kernel/i8259.o
                0x00000000000039b0                init_8259A
                0x0000000000003aa1                spurious_irq
                0x0000000000003acc                put_irq_handler
 .text          0x0000000000003aec        0x0 kernel/global.o
 .text          0x0000000000003aec      0x842 kernel/protect.o
                0x0000000000003aec                init_prot
                0x0000000000004146                seg2linear
                0x0000000000004195                init_desc
                0x0000000000004201                exception_handler
 .text          0x000000000000432e     0x18ae kernel/proc.o
                0x000000000000432e                schedule
                0x00000000000043b9                sys_sendrec
                0x0000000000004518                ldt_seg_linear
                0x0000000000004562                va2la
                0x00000000000045d1                reset_msg
                0x000000000000559c                inform_int
                0x0000000000005732                dump_proc
                0x0000000000005a95                dump_msg
 .text          0x0000000000005bdc      0x2fc kernel/systask.o
                0x0000000000005bdc                task_sys
 .text          0x0000000000005ed8      0xdac kernel/hd.o
                0x0000000000005ed8                task_hd
                0x0000000000006c5f                hd_handler
 *fill*         0x0000000000006c84        0xc 
 .text          0x0000000000006c90      0x19a kernel/kliba.o
                0x0000000000006c90                disp_str
                0x0000000000006cce                disp_color_str
                0x0000000000006d0d                out_byte
                0x0000000000006d19                in_byte
                0x0000000000006d23                port_read
                0x0000000000006d36                port_write
                0x0000000000006d49                disable_irq
                0x0000000000006d7e                enable_irq
                0x0000000000006d9d                disable_int
                0x0000000000006d9f                enable_int
                0x0000000000006da1                glitter
 .text          0x0000000000006e2a      0x2d2 kernel/klib.o
                0x0000000000006e2a                get_boot_params
                0x0000000000006eca                get_kernel_map
                0x0000000000006fe6                itoa
                0x0000000000007091                disp_int
                0x00000000000070b6                delay
 .text          0x00000000000070fc       0x75 lib/syslog.o
                0x00000000000070fc                syslog
 .text          0x0000000000007171      0x1d9 mm/main.o
                0x0000000000007171                task_mm
                0x00000000000072b7                alloc_mem
                0x0000000000007340                free_mem
 .text          0x000000000000734a      0x650 mm/forkexit.o
                0x000000000000734a                do_fork
                0x00000000000076ef                do_exit
                0x00000000000078d5                do_wait
 .text          0x000000000000799a      0x392 mm/exec.o
                0x000000000000799a                do_exec
 .text          0x0000000000007d2c     0x1341 fs/main.o
                0x0000000000007d2c                task_fs
                0x00000000000089c9                rw_sector
                0x0000000000008c45                get_super_block
                0x0000000000008c8b                get_inode
                0x0000000000008df9                put_inode
                0x0000000000008e3e                sync_inode
 .text          0x000000000000906d      0xc66 fs/open.o
                0x000000000000906d                do_open
                0x00000000000095e8                do_close
                0x000000000000965f                do_lseek
                0x0000000000009cb6                do_list
 .text          0x0000000000009cd3      0x549 fs/misc.o
                0x0000000000009cd3                do_stat
                0x0000000000009ec4                search_file
                0x000000000000a03d                strip_path
                0x000000000000a0c9                list_file
 .text          0x000000000000a21c      0x538 fs/read_write.o
                0x000000000000a21c                do_rdwt
 .text          0x000000000000a754      0x8f6 fs/link.o
                0x000000000000a754                do_unlink
 .text          0x000000000000b04a     0x2145 fs/disklog.o
                0x000000000000b04a                disklog
                0x000000000000b693                dump_fd_graph
 .text          0x000000000000d18f       0xc0 lib/orangescrt.a(printf.o)
                0x000000000000d18f                printf
                0x000000000000d20e                printl
 .text          0x000000000000d24f      0x318 lib/orangescrt.a(vsprintf.o)
                0x000000000000d2b2                vsprintf
                0x000000000000d53d                sprintf
 *fill*         0x000000000000d567        0x9 
 .text          0x000000000000d570       0x78 lib/orangescrt.a(string.o)
                0x000000000000d570                memcpy
                0x000000000000d599                memset
                0x000000000000d5ba                strcpy
                0x000000000000d5d2                strlen
 .text          0x000000000000d5e8      0x288 lib/orangescrt.a(misc.o)
                0x000000000000d5e8                send_recv
                0x000000000000d6c8                memcmp
                0x000000000000d73e                strcmp
                0x000000000000d7b0                strcat
                0x000000000000d80f                spin
                0x000000000000d82a                assertion_failure
 .text          0x000000000000d870       0xf6 lib/orangescrt.a(open.o)
                0x000000000000d870                open
                0x000000000000d8fb                test_ls
 .text          0x000000000000d966       0x54 lib/orangescrt.a(read.o)
                0x000000000000d966                read
 .text          0x000000000000d9ba       0x54 lib/orangescrt.a(write.o)
                0x000000000000d9ba                write
 .text          0x000000000000da0e       0x42 lib/orangescrt.a(close.o)
                0x000000000000da0e                close
 .text          0x000000000000da50       0x54 lib/orangescrt.a(lseek.o)
                0x000000000000da50                lseek
 .text          0x000000000000daa4       0x68 lib/orangescrt.a(getpid.o)
                0x000000000000daa4                getpid
 .text          0x000000000000db0c       0x8b lib/orangescrt.a(stat.o)
                0x000000000000db0c                stat
 .text          0x000000000000db97       0x96 lib/orangescrt.a(fork.o)
                0x000000000000db97                fork
 .text          0x000000000000dc2d       0x56 lib/orangescrt.a(wait.o)
                0x000000000000dc2d                wait
 .text          0x000000000000dc83      0x27e lib/orangescrt.a(exec.o)
                0x000000000000dc83                exec
                0x000000000000dd19                execl
                0x000000000000dd3f                execv
 *fill*         0x000000000000df01        0xf 
 .text          0x000000000000df10       0x28 lib/orangescrt.a(syscall.o)
                0x000000000000df10                sendrec
                0x000000000000df2a                printx
 *(.gnu.warning)

.fini
 *(SORT(.fini))
                0x000000000000df38                PROVIDE (__etext, .)
                0x000000000000df38                PROVIDE (_etext, .)
                0x000000000000df38                PROVIDE (etext, .)

.rodata         0x000000000000df40     0x2613
 *(.rodata .rodata.* .gnu.linkonce.r.*)
 .rodata        0x000000000000df40       0x47 kernel/start.o
 *fill*         0x000000000000df87        0x1 
 .rodata        0x000000000000df88      0x1e8 kernel/main.o
 .rodata        0x000000000000e170       0x64 kernel/keyboard.o
 .rodata        0x000000000000e1d4      0x168 kernel/tty.o
 .rodata        0x000000000000e33c       0x5b kernel/console.o
 .rodata        0x000000000000e397       0x11 kernel/i8259.o
 .rodata        0x000000000000e3a8       0x10 kernel/global.o
                0x000000000000e3a8                FSBUF_SIZE
                0x000000000000e3ac                MMBUF_SIZE
                0x000000000000e3b0                LOGBUF_SIZE
                0x000000000000e3b4                LOGDISKBUF_SIZE
 *fill*         0x000000000000e3b8        0x8 
 .rodata        0x000000000000e3c0      0x580 kernel/protect.o
 .rodata        0x000000000000e940      0x5da kernel/proc.o
 .rodata        0x000000000000ef1a       0x11 kernel/systask.o
 *fill*         0x000000000000ef2b        0x1 
 .rodata        0x000000000000ef2c      0x15c kernel/hd.o
 .rodata        0x000000000000f088       0x6a kernel/klib.o
 .rodata        0x000000000000f0f2       0x1e lib/syslog.o
 .rodata        0x000000000000f110       0xb1 mm/main.o
 *fill*         0x000000000000f1c1        0x3 
 .rodata        0x000000000000f1c4       0xe7 mm/forkexit.o
 *fill*         0x000000000000f2ab        0x1 
 .rodata        0x000000000000f2ac       0xa4 mm/exec.o
 .rodata        0x000000000000f350      0x2d6 fs/main.o
 *fill*         0x000000000000f626        0x2 
 .rodata        0x000000000000f628      0x1c8 fs/open.o
 .rodata        0x000000000000f7f0       0x60 fs/misc.o
 .rodata        0x000000000000f850      0x164 fs/read_write.o
 .rodata        0x000000000000f9b4      0x1ad fs/link.o
 *fill*         0x000000000000fb61        0x3 
 .rodata        0x000000000000fb64      0x806 fs/disklog.o
 .rodata        0x000000000001036a       0x14 lib/orangescrt.a(printf.o)
 *fill*         0x000000000001037e        0x2 
 .rodata        0x0000000000010380       0xad lib/orangescrt.a(misc.o)
 .rodata        0x000000000001042d       0x23 lib/orangescrt.a(open.o)
 .rodata        0x0000000000010450       0x25 lib/orangescrt.a(getpid.o)
 .rodata        0x0000000000010475       0x23 lib/orangescrt.a(stat.o)
 .rodata        0x0000000000010498       0x33 lib/orangescrt.a(fork.o)
 *fill*         0x00000000000104cb        0x1 
 .rodata        0x00000000000104cc       0x87 lib/orangescrt.a(exec.o)

.rodata1
 *(.rodata1)

.eh_frame_hdr
 *(.eh_frame_hdr)

.eh_frame       0x0000000000010554     0x1320
 *(.eh_frame)
 .eh_frame      0x0000000000010554       0x38 kernel/start.o
 .eh_frame      0x000000000001058c      0x108 kernel/main.o
                                        0x120 (size before relaxing)
 .eh_frame      0x0000000000010694       0x60 kernel/clock.o
                                         0x78 (size before relaxing)
 .eh_frame      0x00000000000106f4       0xe0 kernel/keyboard.o
                                         0xf8 (size before relaxing)
 .eh_frame      0x00000000000107d4      0x13c kernel/tty.o
                                        0x154 (size before relaxing)
 .eh_frame      0x0000000000010910      0x148 kernel/console.o
                                        0x160 (size before relaxing)
 .eh_frame      0x0000000000010a58       0x60 kernel/i8259.o
                                         0x78 (size before relaxing)
 .eh_frame      0x0000000000010ab8       0xb0 kernel/protect.o
                                         0xc8 (size before relaxing)
 .eh_frame      0x0000000000010b68      0x1c0 kernel/proc.o
                                        0x1d8 (size before relaxing)
 .eh_frame      0x0000000000010d28       0x5c kernel/systask.o
                                         0x74 (size before relaxing)
 .eh_frame      0x0000000000010d84      0x1e8 kernel/hd.o
                                        0x200 (size before relaxing)
 .eh_frame      0x0000000000010f6c       0xa0 kernel/klib.o
                                         0xb8 (size before relaxing)
 .eh_frame      0x000000000001100c       0x20 lib/syslog.o
                                         0x38 (size before relaxing)
 .eh_frame      0x000000000001102c       0x7c mm/main.o
                                         0x94 (size before relaxing)
 .eh_frame      0x00000000000110a8       0x90 mm/forkexit.o
                                         0xa8 (size before relaxing)
 .eh_frame      0x0000000000011138       0x2c mm/exec.o
                                         0x44 (size before relaxing)
 .eh_frame      0x0000000000011164      0x174 fs/main.o
                                        0x18c (size before relaxing)
 .eh_frame      0x00000000000112d8      0x148 fs/open.o
                                        0x160 (size before relaxing)
 .eh_frame      0x0000000000011420       0x98 fs/misc.o
                                         0xb0 (size before relaxing)
 .eh_frame      0x00000000000114b8       0x2c fs/read_write.o
                                         0x44 (size before relaxing)
 .eh_frame      0x00000000000114e4       0x2c fs/link.o
                                         0x44 (size before relaxing)
 .eh_frame      0x0000000000011510       0x60 fs/disklog.o
                                         0x78 (size before relaxing)
 .eh_frame      0x0000000000011570       0x40 lib/orangescrt.a(printf.o)
                                         0x58 (size before relaxing)
 .eh_frame      0x00000000000115b0       0x68 lib/orangescrt.a(vsprintf.o)
                                         0x80 (size before relaxing)
 .eh_frame      0x0000000000011618       0xbc lib/orangescrt.a(misc.o)
                                         0xd4 (size before relaxing)
 .eh_frame      0x00000000000116d4       0x40 lib/orangescrt.a(open.o)
                                         0x58 (size before relaxing)
 .eh_frame      0x0000000000011714       0x20 lib/orangescrt.a(read.o)
                                         0x38 (size before relaxing)
 .eh_frame      0x0000000000011734       0x20 lib/orangescrt.a(write.o)
                                         0x38 (size before relaxing)
 .eh_frame      0x0000000000011754       0x20 lib/orangescrt.a(close.o)
                                         0x38 (size before relaxing)
 .eh_frame      0x0000000000011774       0x20 lib/orangescrt.a(lseek.o)
                                         0x38 (size before relaxing)
 .eh_frame      0x0000000000011794       0x20 lib/orangescrt.a(getpid.o)
                                         0x38 (size before relaxing)
 .eh_frame      0x00000000000117b4       0x20 lib/orangescrt.a(stat.o)
                                         0x38 (size before relaxing)
 .eh_frame      0x00000000000117d4       0x20 lib/orangescrt.a(fork.o)
                                         0x38 (size before relaxing)
 .eh_frame      0x00000000000117f4       0x20 lib/orangescrt.a(wait.o)
                                         0x38 (size before relaxing)
 .eh_frame      0x0000000000011814       0x60 lib/orangescrt.a(exec.o)
                                         0x78 (size before relaxing)

.gcc_except_table
 *(.gcc_except_table .gcc_except_table.*)

.exception_ranges
 *(.exception_ranges .exception_ranges*)
                0x0000000000011874                . = (ALIGN (0x1000) - ((0x1000 - .) & 0xfff))
                0x0000000000012874                . = DATA_SEGMENT_ALIGN (0x1000, 0x1000)

.eh_frame
 *(.eh_frame)

.gcc_except_table
 *(.gcc_except_table .gcc_except_table.*)

.exception_ranges
 *(.exception_ranges .exception_ranges*)

.tdata
 *(.tdata .tdata.* .gnu.linkonce.td.*)

.tbss
 *(.tbss .tbss.* .gnu.linkonce.tb.*)
 *(.tcommon)

.preinit_array  0x0000000000012874        0x0
                0x0000000000012874                PROVIDE (__preinit_array_start, .)
 *(.preinit_array)
                0x0000000000012874                PROVIDE (__preinit_array_end, .)

.init_array     0x0000000000012874        0x0
                0x0000000000012874                PROVIDE (__init_array_start, .)
 *(SORT(.init_array.*) SORT(.ctors.*))
 *(.init_array EXCLUDE_FILE(*crtend?.o *crtend.o *crtbegin?.o *crtbegin.o) .ctors)
                0x0000000000012874                PROVIDE (__init_array_end, .)

.fini_array     0x0000000000012874        0x0
                0x0000000000012874                PROVIDE (__fini_array_start, .)
 *(SORT(.fini_array.*) SORT(.dtors.*))
 *(.fini_array EXCLUDE_FILE(*crtend?.o *crtend.o *crtbegin?.o *crtbegin.o) .dtors)
                0x0000000000012874                PROVIDE (__fini_array_end, .)

.ctors
 *crtbegin.o(.ctors)
 *crtbegin?.o(.ctors)
 *(EXCLUDE_FILE(*crtend?.o *crtend.o) .ctors)
 *(SORT(.ctors.*))
 *(.ctors)

.dtors
 *crtbegin.o(.dtors)
 *crtbegin?.o(.dtors)
 *(EXCLUDE_FILE(*crtend?.o *crtend.o) .dtors)
 *(SORT(.dtors.*))
 *(.dtors)

.jcr
 *(.jcr)

.data.rel.ro
 *(.data.rel.ro.local* .gnu.linkonce.d.rel.ro.local.*)
 *(.data.rel.ro .data.rel.ro.* .gnu.linkonce.d.rel.ro.*)

.dynamic
 *(.dynamic)

.got
 *(.got)
 *(.igot)
                0x0000000000012874                . = DATA_SEGMENT_RELRO_END (., (SIZEOF (.got.plt) >= 0xc)?0xc:0x0)

.got.plt        0x0000000000012874        0x0
 *(.got.plt)
 *(.igot.plt)
 .igot.plt      0x0000000000000000        0x0 kernel/kernel.o

.data           0x0000000000012880      0x920
 *(.data .data.* .gnu.linkonce.d.*)
 .data          0x0000000000012880        0x2 kernel/kernel.o
 .data          0x0000000000012882        0x0 kernel/start.o
 .data          0x0000000000012882        0x0 kernel/main.o
 .data          0x0000000000012882        0x0 kernel/clock.o
 *fill*         0x0000000000012882       0x1e 
 .data          0x00000000000128a0      0x600 kernel/keyboard.o
                0x00000000000128a0                keymap
 .data          0x0000000000012ea0       0x22 kernel/tty.o
 .data          0x0000000000012ec2        0x0 kernel/console.o
 .data          0x0000000000012ec2        0x0 kernel/i8259.o
 *fill*         0x0000000000012ec2       0x1e 
 .data          0x0000000000012ee0      0x1b4 kernel/global.o
                0x0000000000012ee0                task_table
                0x0000000000012fc0                user_proc_table
                0x0000000000013060                sys_call_table
                0x000000000001306c                dd_map
                0x0000000000013084                fsbuf
                0x0000000000013088                mmbuf
                0x000000000001308c                logbuf
                0x0000000000013090                logdiskbuf
 .data          0x0000000000013094        0x0 kernel/protect.o
 .data          0x0000000000013094        0x0 kernel/proc.o
 .data          0x0000000000013094        0x0 kernel/systask.o
 .data          0x0000000000013094        0x0 kernel/hd.o
 .data          0x0000000000013094        0x0 kernel/klib.o
 .data          0x0000000000013094        0x0 lib/syslog.o
 .data          0x0000000000013094        0x0 mm/main.o
 .data          0x0000000000013094        0x0 mm/forkexit.o
 .data          0x0000000000013094        0x0 mm/exec.o
 .data          0x0000000000013094        0x0 fs/main.o
 .data          0x0000000000013094        0x0 fs/open.o
 *fill*         0x0000000000013094        0xc 
 .data          0x00000000000130a0      0x100 fs/misc.o
                0x00000000000130a0                dir
 .data          0x00000000000131a0        0x0 fs/read_write.o
 .data          0x00000000000131a0        0x0 fs/link.o
 .data          0x00000000000131a0        0x0 fs/disklog.o
 .data          0x00000000000131a0        0x0 lib/orangescrt.a(printf.o)
 .data          0x00000000000131a0        0x0 lib/orangescrt.a(vsprintf.o)
 .data          0x00000000000131a0        0x0 lib/orangescrt.a(misc.o)
 .data          0x00000000000131a0        0x0 lib/orangescrt.a(open.o)
 .data          0x00000000000131a0        0x0 lib/orangescrt.a(read.o)
 .data          0x00000000000131a0        0x0 lib/orangescrt.a(write.o)
 .data          0x00000000000131a0        0x0 lib/orangescrt.a(close.o)
 .data          0x00000000000131a0        0x0 lib/orangescrt.a(lseek.o)
 .data          0x00000000000131a0        0x0 lib/orangescrt.a(getpid.o)
 .data          0x00000000000131a0        0x0 lib/orangescrt.a(stat.o)
 .data          0x00000000000131a0        0x0 lib/orangescrt.a(fork.o)
 .data          0x00000000000131a0        0x0 lib/orangescrt.a(wait.o)
 .data          0x00000000000131a0        0x0 lib/orangescrt.a(exec.o)

.data1
 *(.data1)
                0x00000000000131a0                _edata = .
                0x00000000000131a0                PROVIDE (edata, .)
                0x00000000000131a0                . = .
                0x00000000000131a0                __bss_start = .

.bss            0x00000000000131a0    0x2b988
 *(.dynbss)
 *(.bss .bss.* .gnu.linkonce.b.*)
 .bss           0x00000000000131a0      0x800 kernel/kernel.o
 .bss           0x00000000000139a0        0x0 kernel/start.o
 .bss           0x00000000000139a0        0x0 kernel/main.o
 .bss           0x00000000000139a0        0x0 kernel/clock.o
 .bss           0x00000000000139a0       0x58 kernel/keyboard.o
 .bss           0x00000000000139f8        0x0 kernel/tty.o
 .bss           0x00000000000139f8        0x0 kernel/console.o
 .bss           0x00000000000139f8        0x0 kernel/i8259.o
 .bss           0x00000000000139f8        0x0 kernel/global.o
 .bss           0x00000000000139f8        0x0 kernel/protect.o
 .bss           0x00000000000139f8        0x0 kernel/proc.o
 .bss           0x00000000000139f8        0x0 kernel/systask.o
 *fill*         0x00000000000139f8        0x8 
 .bss           0x0000000000013a00      0x64c kernel/hd.o
 .bss           0x000000000001404c        0x0 kernel/klib.o
 .bss           0x000000000001404c        0x0 lib/syslog.o
 .bss           0x000000000001404c        0x0 mm/main.o
 .bss           0x000000000001404c        0x0 mm/forkexit.o
 .bss           0x000000000001404c        0x0 mm/exec.o
 .bss           0x000000000001404c        0x0 fs/main.o
 .bss           0x000000000001404c        0x0 fs/open.o
 .bss           0x000000000001404c        0x0 fs/misc.o
 .bss           0x000000000001404c        0x0 fs/read_write.o
 .bss           0x000000000001404c        0x0 fs/link.o
 *fill*         0x000000000001404c       0x14 
 .bss           0x0000000000014060      0x208 fs/disklog.o
 .bss           0x0000000000014268        0x0 lib/orangescrt.a(printf.o)
 .bss           0x0000000000014268        0x0 lib/orangescrt.a(vsprintf.o)
 .bss           0x0000000000014268        0x0 lib/orangescrt.a(misc.o)
 .bss           0x0000000000014268        0x0 lib/orangescrt.a(open.o)
 .bss           0x0000000000014268        0x0 lib/orangescrt.a(read.o)
 .bss           0x0000000000014268        0x0 lib/orangescrt.a(write.o)
 .bss           0x0000000000014268        0x0 lib/orangescrt.a(close.o)
 .bss           0x0000000000014268        0x0 lib/orangescrt.a(lseek.o)
 .bss           0x0000000000014268        0x0 lib/orangescrt.a(getpid.o)
 .bss           0x0000000000014268        0x0 lib/orangescrt.a(stat.o)
 .bss           0x0000000000014268        0x0 lib/orangescrt.a(fork.o)
 .bss           0x0000000000014268        0x0 lib/orangescrt.a(wait.o)
 .bss           0x0000000000014268        0x0 lib/orangescrt.a(exec.o)
 *(COMMON)
 *fill*         0x0000000000014268       0x18 
 COMMON         0x0000000000014280    0x2a898 kernel/global.o
                0x0000000000014280                idt_ptr
                0x00000000000142a0                inode_table
                0x0000000000014da0                task_stack
                0x0000000000038da0                k_reenter
                0x0000000000038dc0                gdt
                0x00000000000391c0                current_console
                0x00000000000391c4                pcaller
                0x00000000000391e0                tty_table
                0x0000000000039e60                tss
                0x0000000000039ee0                fs_msg
                0x000000000003a010                memory_size
                0x000000000003a020                f_desc_table
                0x000000000003a420                root_inode
                0x000000000003a424                disp_pos
                0x000000000003a440                mm_msg
                0x000000000003a570                key_pressed
                0x000000000003a574                gdt_ptr
                0x000000000003a580                idt
                0x000000000003ad80                super_block
                0x000000000003af60                ticks
                0x000000000003af80                console_table
                0x000000000003afc0                irq_table
                0x000000000003b000                p_proc_ready
                0x000000000003b020                proc_table
 COMMON         0x000000000003eb18       0x10 kernel/hd.o
                0x000000000003eb18                PARTITION_ENTRY
                0x000000000003eb28                . = ALIGN ((. != 0x0)?0x4:0x1)
                0x000000000003eb28                . = ALIGN (0x4)
                0x000000000003eb28                . = SEGMENT_START ("ldata-segment", .)
                0x000000000003eb28                . = ALIGN (0x4)
                0x000000000003eb28                _end = .
                0x000000000003eb28                PROVIDE (end, .)
                0x000000000003eb28                . = DATA_SEGMENT_END (.)

.stab
 *(.stab)

.stabstr
 *(.stabstr)

.stab.excl
 *(.stab.excl)

.stab.exclstr
 *(.stab.exclstr)

.stab.index
 *(.stab.index)

.stab.indexstr
 *(.stab.indexstr)

.comment        0x0000000000000000       0x2b
 *(.comment)
 .comment       0x0000000000000000       0x2b kernel/start.o
                                         0x2c (size before relaxing)
 .comment       0x0000000000000000       0x2c kernel/main.o
 .comment       0x0000000000000000       0x2c kernel/clock.o
 .comment       0x0000000000000000       0x2c kernel/keyboard.o
 .comment       0x0000000000000000       0x2c kernel/tty.o
 .comment       0x0000000000000000       0x2c kernel/console.o
 .comment       0x0000000000000000       0x2c kernel/i8259.o
 .comment       0x0000000000000000       0x2c kernel/global.o
 .comment       0x0000000000000000       0x2c kernel/protect.o
 .comment       0x0000000000000000       0x2c kernel/proc.o
 .comment       0x0000000000000000       0x2c kernel/systask.o
 .comment       0x0000000000000000       0x2c kernel/hd.o
 .comment       0x0000000000000000       0x2c kernel/klib.o
 .comment       0x0000000000000000       0x2c lib/syslog.o
 .comment       0x0000000000000000       0x2c mm/main.o
 .comment       0x0000000000000000       0x2c mm/forkexit.o
 .comment       0x0000000000000000       0x2c mm/exec.o
 .comment       0x0000000000000000       0x2c fs/main.o
 .comment       0x0000000000000000       0x2c fs/open.o
 .comment       0x0000000000000000       0x2c fs/misc.o
 .comment       0x0000000000000000       0x2c fs/read_write.o
 .comment       0x0000000000000000       0x2c fs/link.o
 .comment       0x0000000000000000       0x2c fs/disklog.o
 .comment       0x0000000000000000       0x2c lib/orangescrt.a(printf.o)
 .comment       0x0000000000000000       0x2c lib/orangescrt.a(vsprintf.o)
 .comment       0x0000000000000000       0x2c lib/orangescrt.a(misc.o)
 .comment       0x0000000000000000       0x2c lib/orangescrt.a(open.o)
 .comment       0x0000000000000000       0x2c lib/orangescrt.a(read.o)
 .comment       0x0000000000000000       0x2c lib/orangescrt.a(write.o)
 .comment       0x0000000000000000       0x2c lib/orangescrt.a(close.o)
 .comment       0x0000000000000000       0x2c lib/orangescrt.a(lseek.o)
 .comment       0x0000000000000000       0x2c lib/orangescrt.a(getpid.o)
 .comment       0x0000000000000000       0x2c lib/orangescrt.a(stat.o)
 .comment       0x0000000000000000       0x2c lib/orangescrt.a(fork.o)
 .comment       0x0000000000000000       0x2c lib/orangescrt.a(wait.o)
 .comment       0x0000000000000000       0x2c lib/orangescrt.a(exec.o)

.debug
 *(.debug)

.line
 *(.line)

.debug_srcinfo
 *(.debug_srcinfo)

.debug_sfnames
 *(.debug_sfnames)

.debug_aranges
 *(.debug_aranges)

.debug_pubnames
 *(.debug_pubnames)

.debug_info
 *(.debug_info .gnu.linkonce.wi.*)

.debug_abbrev
 *(.debug_abbrev)

.debug_line
 *(.debug_line .debug_line.* .debug_line_end)

.debug_frame
 *(.debug_frame)

.debug_str
 *(.debug_str)

.debug_loc
 *(.debug_loc)

.debug_macinfo
 *(.debug_macinfo)

.debug_weaknames
 *(.debug_weaknames)

.debug_funcnames
 *(.debug_funcnames)

.debug_typenames
 *(.debug_typenames)

.debug_varnames
 *(.debug_varnames)

.debug_pubtypes
 *(.debug_pubtypes)

.debug_ranges
 *(.debug_ranges)

.debug_macro
 *(.debug_macro)

.gnu.attributes
 *(.gnu.attributes)

/DISCARD/
 *(.note.GNU-stack)
 *(.gnu_debuglink)
 *(.gnu.lto_*)
OUTPUT(kernel.bin elf32-i386)
